// Jest Snapshot v1, https://goo.gl/fbAQLP

exports[`Loader should render the Pikachu gif if name = pikachu 1`] = `ShallowWrapper {}`;

exports[`Loader should render the Pokeball gif if name = pokeball 1`] = `ShallowWrapper {}`;
