// Jest Snapshot v1, https://goo.gl/fbAQLP

exports[`AuthContainer should render correctly 1`] = `ShallowWrapper {}`;
