// Jest Snapshot v1, https://goo.gl/fbAQLP

exports[`NavLink should render correctly 1`] = `ShallowWrapper {}`;
