// Jest Snapshot v1, https://goo.gl/fbAQLP

exports[`NavList should render 1`] = `ShallowWrapper {}`;
