// Jest Snapshot v1, https://goo.gl/fbAQLP

exports[`Skills should render 1`] = `Object {}`;
