// Jest Snapshot v1, https://goo.gl/fbAQLP

exports[`DevShow should render 1`] = `ShallowWrapper {}`;
